🌳 Leased worktree 1 at /home/kumarpawa/.no-mistakes/worktrees/c936b9d8764d/01M3MDRF9H7N4F6XWPBX8M7NFW/.l/trees/.treehouse/project-63e129/1/project. Run 'treehouse return /home/kumarpawa/.no-mistakes/worktrees/c936b9d8764d/01M3MDRF9H7N4F6XWPBX8M7NFW/.l/trees/.treehouse/project-63e129/1/project' to release it.
/home/kumarpawa/.no-mistakes/worktrees/c936b9d8764d/01M3MDRF9H7N4F6XWPBX8M7NFW/.l/trees/.treehouse/project-63e129/1/project

$ bin/fm-spawn.sh live-shared /home/kumarpawa/.no-mistakes/worktrees/c936b9d8764d/01M3MDRF9H7N4F6XWPBX8M7NFW/.l/missing/project --mode direct-PR --yolo off --harness opencode --backend tmux
fm-gate-refuse: gate agent lifecycle permitted only against lab home /home/kumarpawa/.no-mistakes/worktrees/c936b9d8764d/01M3MDRF9H7N4F6XWPBX8M7NFW/.l/home
warning: /home/kumarpawa/.no-mistakes/worktrees/c936b9d8764d/01M3MDRF9H7N4F6XWPBX8M7NFW/.l/home/data/live-shared/launch-brief.md records no ship branch; defaulting to legacy branch fm/live-shared
warning: /home/kumarpawa/.no-mistakes/worktrees/c936b9d8764d/01M3MDRF9H7N4F6XWPBX8M7NFW/.l/home/data/live-shared/launch-brief.md records no delivery contract line (scaffolded before ship briefs recorded one); launching on the explicit --mode direct-PR - confirm its definition of done matches
notice: live-shared ships mode=direct-PR while the standing posture for project is no-mistakes - less rigor than the captain's standing posture; proceed only on a current explicit captain instruction or an intake judgment you can state
spawned live-shared harness=opencode kind=ship mode=direct-PR yolo=off window=primary:fm-live-shared worktree=/home/kumarpawa/.no-mistakes/worktrees/c936b9d8764d/01M3MDRF9H7N4F6XWPBX8M7NFW/.l/trees/.treehouse/project-63e129/2/project

{
  "first_slot": "/home/kumarpawa/.no-mistakes/worktrees/c936b9d8764d/01M3MDRF9H7N4F6XWPBX8M7NFW/.l/trees/.treehouse/project-63e129/1/project",
  "second_slot": "/home/kumarpawa/.no-mistakes/worktrees/c936b9d8764d/01M3MDRF9H7N4F6XWPBX8M7NFW/.l/trees/.treehouse/project-63e129/2/project",
  "first_marker": "/home/kumarpawa/.no-mistakes/worktrees/c936b9d8764d/01M3MDRF9H7N4F6XWPBX8M7NFW/.l/missing/project/.git/common/fm-origin-head-refreshed",
  "second_marker": "/home/kumarpawa/.no-mistakes/worktrees/c936b9d8764d/01M3MDRF9H7N4F6XWPBX8M7NFW/.l/missing/project/.git/common/fm-origin-head-refreshed",
  "marker_before": "1790626167",
  "marker_after": "1790626167",
  "origin_head": "refs/remotes/origin/trunk",
  "head": "55627be58f923bc1e8da95d25b6059b1d9534918",
  "contacts": [
    {
      "cwd": "/home/kumarpawa/.no-mistakes/worktrees/c936b9d8764d/01M3MDRF9H7N4F6XWPBX8M7NFW/.l/missing/project",
      "ppid": 1749150
    },
    {
      "cwd": "/home/kumarpawa/.no-mistakes/worktrees/c936b9d8764d/01M3MDRF9H7N4F6XWPBX8M7NFW/.l/trees/.treehouse/project-63e129/2/project",
      "ppid": 1749746
    }
  ],
  "metadata": {
    "window": "primary:fm-live-shared",
    "endpoint_task_id": "live-shared",
    "worktree": "/home/kumarpawa/.no-mistakes/worktrees/c936b9d8764d/01M3MDRF9H7N4F6XWPBX8M7NFW/.l/trees/.treehouse/project-63e129/2/project",
    "project": "/home/kumarpawa/.no-mistakes/worktrees/c936b9d8764d/01M3MDRF9H7N4F6XWPBX8M7NFW/.l/missing/project",
    "harness": "opencode",
    "kind": "ship",
    "mode": "direct-PR",
    "yolo": "off",
    "branch": "fm/live-shared",
    "tasktmp": "/tmp/fm-live-shared",
    "model": "default",
    "effort": "default",
    "busy_gen": "g1790626368.1749852.24950",
    "spawn_gen": "s1790626368.1748853.5127"
  }
}
SCENARIO PASS shared clone marker across distinct real Treehouse slots (direct-PR ship)
